=== chain start Fri Jul 24 03:15:50 EDT 2026 ===
--- leg-03 t1 process gone at Fri Jul 24 05:13:55 EDT 2026
--- START run-05-freepolicy-v2-founders seeds=4000,4001,4002 Fri Jul 24 05:13:55 EDT 2026
[run-05-freepolicy-v2-founders] candidates: [('alternating-freeze-champion', 2, '43b113ec7ebd'), ('exploiter-probe', 3, '119e5374b4af')]
[run-05-freepolicy-v2-founders] prescreen 43b113ec7ebd: pred_flags=3.2742 pass=True recorded_fake_flags=0
[run-05-freepolicy-v2-founders] prescreen 119e5374b4af: pred_flags=3.2176 pass=True recorded_fake_flags=0
[run-05-freepolicy-v2-founders] meeting_timeout_seconds=900.0 (override)
[run-05-freepolicy-v2-founders] rank 1: run-05-freepolicy-v2-founders-exploiter-probe-gen3-119e5374b4af selection=64.7000 validity=True referee=False
[run-05-freepolicy-v2-founders] rank 2: run-05-freepolicy-v2-founders-alternating-freeze-champion-gen2-43b113ec7ebd selection=53.6000 validity=True referee=False
[run-05-freepolicy-v2-founders] LEG DONE ranking=/Users/danielkeinan/ailibi-campaign-1824/realpath/run-05-freepolicy-v2-founders/ranking.jsonl
--- DONE run-05-freepolicy-v2-founders seeds=4000,4001,4002 Fri Jul 24 07:35:42 EDT 2026
--- START run-04-freepolicy-v3 seeds=4003,4004,4005 Fri Jul 24 07:35:42 EDT 2026
[run-04-freepolicy-v3] candidates: [('alternating-freeze-champion', 9, '27f852fe0919'), ('alternating-freeze-champion', 3, '348df066e0db')]
[run-04-freepolicy-v3] prescreen 27f852fe0919: pred_flags=4.1642 pass=True recorded_fake_flags=0
[run-04-freepolicy-v3] prescreen 348df066e0db: pred_flags=5.2389 pass=True recorded_fake_flags=0
[run-04-freepolicy-v3] meeting_timeout_seconds=900.0 (override)
[run-04-freepolicy-v3] rank 1: run-04-freepolicy-v3-alternating-freeze-champion-gen9-27f852fe0919 selection=24.6700 validity=True referee=False
[run-04-freepolicy-v3] rank 2: run-04-freepolicy-v3-alternating-freeze-champion-gen3-348df066e0db selection=24.6700 validity=True referee=False
[run-04-freepolicy-v3] LEG DONE ranking=/Users/danielkeinan/ailibi-campaign-1824/realpath/run-04-freepolicy-v3/ranking.jsonl
--- DONE run-04-freepolicy-v3 seeds=4003,4004,4005 Fri Jul 24 09:24:35 EDT 2026
--- START run-01-utility-champion seeds=4003,4004,4005 Fri Jul 24 09:24:35 EDT 2026
[run-01-utility-champion] candidates: [('alternating-freeze-champion', 9, '8ac3652a74f8'), ('alternating-freeze-champion', 3, '6d327dcbde94')]
[run-01-utility-champion] prescreen 8ac3652a74f8: pred_flags=1.6109 pass=True recorded_fake_flags=0
[run-01-utility-champion] prescreen 6d327dcbde94: pred_flags=1.6180 pass=True recorded_fake_flags=0
[run-01-utility-champion] meeting_timeout_seconds=900.0 (override)
[run-01-utility-champion] rank 1: run-01-utility-champion-alternating-freeze-champion-gen9-8ac3652a74f8 selection=44.1000 validity=True referee=False
[run-01-utility-champion] rank 2: run-01-utility-champion-alternating-freeze-champion-gen3-6d327dcbde94 selection=30.9700 validity=True referee=False
[run-01-utility-champion] LEG DONE ranking=/Users/danielkeinan/ailibi-campaign-1824/realpath/run-01-utility-champion/ranking.jsonl
--- DONE run-01-utility-champion seeds=4003,4004,4005 Fri Jul 24 11:34:27 EDT 2026
--- START run-02-utility-lambda4 seeds=4003,4004,4005 Fri Jul 24 11:34:27 EDT 2026
[run-02-utility-lambda4] candidates: [('alternating-freeze-champion', 9, '2ca474514b86'), ('alternating-freeze-champion', 3, '10c1f9f3c0a2')]
[run-02-utility-lambda4] prescreen 2ca474514b86: pred_flags=1.2300 pass=True recorded_fake_flags=0
[run-02-utility-lambda4] prescreen 10c1f9f3c0a2: pred_flags=1.2300 pass=True recorded_fake_flags=0
[run-02-utility-lambda4] meeting_timeout_seconds=900.0 (override)
[run-02-utility-lambda4] rank 1: run-02-utility-lambda4-alternating-freeze-champion-gen9-2ca474514b86 selection=53.0000 validity=True referee=False
[run-02-utility-lambda4] rank 2: run-02-utility-lambda4-alternating-freeze-champion-gen3-10c1f9f3c0a2 selection=25.7300 validity=True referee=False
[run-02-utility-lambda4] LEG DONE ranking=/Users/danielkeinan/ailibi-campaign-1824/realpath/run-02-utility-lambda4/ranking.jsonl
--- DONE run-02-utility-lambda4 seeds=4003,4004,4005 Fri Jul 24 13:14:38 EDT 2026
--- START run-03-utility-bcanchor seeds=4003,4004,4005 Fri Jul 24 13:14:38 EDT 2026
[run-03-utility-bcanchor] candidates: [('alternating-freeze-champion', 9, 'a89be618bfbb'), ('alternating-freeze-champion', 3, '6d327dcbde94')]
[run-03-utility-bcanchor] prescreen a89be618bfbb: pred_flags=1.2700 pass=False recorded_fake_flags=0
[run-03-utility-bcanchor] prescreen 6d327dcbde94: pred_flags=1.6180 pass=True recorded_fake_flags=0
[run-03-utility-bcanchor] meeting_timeout_seconds=900.0 (override)
[run-03-utility-bcanchor] rank 1: run-03-utility-bcanchor-alternating-freeze-champion-gen3-6d327dcbde94 selection=42.5300 validity=True referee=False
[run-03-utility-bcanchor] rank 2: run-03-utility-bcanchor-alternating-freeze-champion-gen9-a89be618bfbb selection=41.5000 validity=True referee=False
[run-03-utility-bcanchor] LEG DONE ranking=/Users/danielkeinan/ailibi-campaign-1824/realpath/run-03-utility-bcanchor/ranking.jsonl
--- DONE run-03-utility-bcanchor seeds=4003,4004,4005 Fri Jul 24 15:07:16 EDT 2026
--- START run-05-freepolicy-v2-founders seeds=4003,4004,4005 Fri Jul 24 15:07:16 EDT 2026
[run-05-freepolicy-v2-founders] candidates: [('alternating-freeze-champion', 2, '43b113ec7ebd'), ('exploiter-probe', 3, '119e5374b4af')]
[run-05-freepolicy-v2-founders] prescreen 43b113ec7ebd: pred_flags=3.2742 pass=True recorded_fake_flags=0
[run-05-freepolicy-v2-founders] prescreen 119e5374b4af: pred_flags=3.2176 pass=True recorded_fake_flags=0
[run-05-freepolicy-v2-founders] meeting_timeout_seconds=900.0 (override)
[run-05-freepolicy-v2-founders] rank 1: run-05-freepolicy-v2-founders-alternating-freeze-champion-gen2-43b113ec7ebd selection=49.0000 validity=True referee=False
[run-05-freepolicy-v2-founders] rank 2: run-05-freepolicy-v2-founders-exploiter-probe-gen3-119e5374b4af selection=47.9000 validity=True referee=False
[run-05-freepolicy-v2-founders] LEG DONE ranking=/Users/danielkeinan/ailibi-campaign-1824/realpath/run-05-freepolicy-v2-founders/ranking.jsonl
--- DONE run-05-freepolicy-v2-founders seeds=4003,4004,4005 Fri Jul 24 16:40:17 EDT 2026
=== chain complete Fri Jul 24 16:40:17 EDT 2026 ===
